Archive member included because of file (symbol)

c:/program files (x86)/atmel/atmel toolchain/avr8 gcc/native/3.4.2.1002/avr8-gnu-toolchain/bin/../lib/gcc/avr/4.7.2/avr51\libgcc.a(_exit.o)
                              c:/program files (x86)/atmel/atmel toolchain/avr8 gcc/native/3.4.2.1002/avr8-gnu-toolchain/bin/../lib/gcc/avr/4.7.2/../../../../avr/lib/avr51/crtm1284.o (exit)
c:/program files (x86)/atmel/atmel toolchain/avr8 gcc/native/3.4.2.1002/avr8-gnu-toolchain/bin/../lib/gcc/avr/4.7.2/avr51\libgcc.a(_copy_data.o)
                              main.o (__do_copy_data)
c:/program files (x86)/atmel/atmel toolchain/avr8 gcc/native/3.4.2.1002/avr8-gnu-toolchain/bin/../lib/gcc/avr/4.7.2/avr51\libgcc.a(_clear_bss.o)
                              croutine.o (__do_clear_bss)
c:/program files (x86)/atmel/atmel toolchain/avr8 gcc/native/3.4.2.1002/avr8-gnu-toolchain/bin/../lib/gcc/avr/4.7.2/../../../../avr/lib/avr51\libc.a(memcpy.o)
                              queue.o (memcpy)
c:/program files (x86)/atmel/atmel toolchain/avr8 gcc/native/3.4.2.1002/avr8-gnu-toolchain/bin/../lib/gcc/avr/4.7.2/../../../../avr/lib/avr51\libc.a(memset.o)
                              tasks.o (memset)
c:/program files (x86)/atmel/atmel toolchain/avr8 gcc/native/3.4.2.1002/avr8-gnu-toolchain/bin/../lib/gcc/avr/4.7.2/../../../../avr/lib/avr51\libc.a(strncpy.o)
                              tasks.o (strncpy)

Allocating common symbols
Common symbol       size              file

lcd_state           0x1               main.o
locked              0x1               main.o
choice              0x1               main.o
page                0x1               main.o
key_state           0x1               main.o

Discarded input sections

 .bss           0x00000000        0x0 c:/program files (x86)/atmel/atmel toolchain/avr8 gcc/native/3.4.2.1002/avr8-gnu-toolchain/bin/../lib/gcc/avr/4.7.2/../../../../avr/lib/avr51/crtm1284.o
 .text          0x00000000        0x0 croutine.o
 .bss           0x00000000        0x0 croutine.o
 .text.xCoRoutineCreate
                0x00000000       0xf4 croutine.o
 .text.vCoRoutineAddToDelayedList
                0x00000000       0x86 croutine.o
 .text.vCoRoutineSchedule
                0x00000000      0x26e croutine.o
 .text.xCoRoutineRemoveFromEventList
                0x00000000       0x4a croutine.o
 .bss.pxCurrentCoRoutine
                0x00000000        0x2 croutine.o
 .bss.uxTopCoRoutineReadyPriority
                0x00000000        0x1 croutine.o
 .bss.pxReadyCoRoutineLists
                0x00000000       0x12 croutine.o
 .bss.xDelayedCoRoutineList1
                0x00000000        0x9 croutine.o
 .bss.xDelayedCoRoutineList2
                0x00000000        0x9 croutine.o
 .bss.xPendingReadyCoRoutineList
                0x00000000        0x9 croutine.o
 .bss.pxDelayedCoRoutineList
                0x00000000        0x2 croutine.o
 .bss.pxOverflowDelayedCoRoutineList
                0x00000000        0x2 croutine.o
 .bss.xCoRoutineTickCount
                0x00000000        0x2 croutine.o
 .bss.xLastTickCount
                0x00000000        0x2 croutine.o
 .bss.xPassedTicks
                0x00000000        0x2 croutine.o
 .text          0x00000000        0x0 heap_1.o
 .bss           0x00000000        0x0 heap_1.o
 .text.vPortInitialiseBlocks
                0x00000000        0xa heap_1.o
 .text.xPortGetFreeHeapSize
                0x00000000       0x16 heap_1.o
 .text          0x00000000        0x0 list.o
 .bss           0x00000000        0x0 list.o
 .text          0x00000000        0x0 main.o
 .bss           0x00000000        0x0 main.o
 .text          0x00000000        0x0 port.o
 .bss           0x00000000        0x0 port.o
 .text.vPortEndScheduler
                0x00000000        0x2 port.o
 .text          0x00000000        0x0 queue.o
 .bss           0x00000000        0x0 queue.o
 .text.prvIsQueueFull
                0x00000000       0x18 queue.o
 .text.prvCopyDataToQueue
                0x00000000       0x82 queue.o
 .text.prvCopyDataFromQueue
                0x00000000       0x3e queue.o
 .text.prvUnlockQueue
                0x00000000       0x94 queue.o
 .text.xQueueGenericReset
                0x00000000       0x88 queue.o
 .text.xQueueGenericCreate
                0x00000000       0x64 queue.o
 .text.xQueueGenericSend
                0x00000000      0x12a queue.o
 .text.xQueueGenericSendFromISR
                0x00000000       0x58 queue.o
 .text.xQueueGenericReceive
                0x00000000      0x158 queue.o
 .text.xQueueReceiveFromISR
                0x00000000       0x5a queue.o
 .text.uxQueueMessagesWaiting
                0x00000000       0x10 queue.o
 .text.uxQueueMessagesWaitingFromISR
                0x00000000        0x6 queue.o
 .text.vQueueDelete
                0x00000000       0x1a queue.o
 .text.xQueueIsQueueEmptyFromISR
                0x00000000        0xc queue.o
 .text.xQueueIsQueueFullFromISR
                0x00000000        0xe queue.o
 .text.xQueueCRSend
                0x00000000       0x82 queue.o
 .text.xQueueCRReceive
                0x00000000       0x94 queue.o
 .text.xQueueCRSendFromISR
                0x00000000       0x3e queue.o
 .text.xQueueCRReceiveFromISR
                0x00000000       0x80 queue.o
 .text          0x00000000        0x0 tasks.o
 .bss           0x00000000        0x0 tasks.o
 .text.vTaskDelete
                0x00000000       0x98 tasks.o
 .text.vTaskEndScheduler
                0x00000000        0xc tasks.o
 .text.xTaskGetTickCount
                0x00000000       0x18 tasks.o
 .text.xTaskGetTickCountFromISR
                0x00000000        0xe tasks.o
 .text.uxTaskGetNumberOfTasks
                0x00000000        0x6 tasks.o
 .text.vTaskDelayUntil
                0x00000000       0x94 tasks.o
 .text.vTaskPlaceOnEventList
                0x00000000       0x3a tasks.o
 .text.xTaskRemoveFromEventList
                0x00000000       0x8c tasks.o
 .text.vTaskSetTimeOutState
                0x00000000       0x16 tasks.o
 .text.xTaskCheckForTimeOut
                0x00000000       0x74 tasks.o
 .text.vTaskMissedYield
                0x00000000        0x8 tasks.o
 .text          0x00000000        0x0 timers.o
 .bss           0x00000000        0x0 timers.o
 .text          0x00000000        0x0 c:/program files (x86)/atmel/atmel toolchain/avr8 gcc/native/3.4.2.1002/avr8-gnu-toolchain/bin/../lib/gcc/avr/4.7.2/avr51\libgcc.a(_exit.o)
 .bss           0x00000000        0x0 c:/program files (x86)/atmel/atmel toolchain/avr8 gcc/native/3.4.2.1002/avr8-gnu-toolchain/bin/../lib/gcc/avr/4.7.2/avr51\libgcc.a(_exit.o)
 .text.libgcc.mul
                0x00000000        0x0 c:/program files (x86)/atmel/atmel toolchain/avr8 gcc/native/3.4.2.1002/avr8-gnu-toolchain/bin/../lib/gcc/avr/4.7.2/avr51\libgcc.a(_exit.o)
 .text.libgcc.div
                0x00000000        0x0 c:/program files (x86)/atmel/atmel toolchain/avr8 gcc/native/3.4.2.1002/avr8-gnu-toolchain/bin/../lib/gcc/avr/4.7.2/avr51\libgcc.a(_exit.o)
 .text.libgcc   0x00000000        0x0 c:/program files (x86)/atmel/atmel toolchain/avr8 gcc/native/3.4.2.1002/avr8-gnu-toolchain/bin/../lib/gcc/avr/4.7.2/avr51\libgcc.a(_exit.o)
 .text.libgcc.prologue
                0x00000000        0x0 c:/program files (x86)/atmel/atmel toolchain/avr8 gcc/native/3.4.2.1002/avr8-gnu-toolchain/bin/../lib/gcc/avr/4.7.2/avr51\libgcc.a(_exit.o)
 .text.libgcc.builtins
                0x00000000        0x0 c:/program files (x86)/atmel/atmel toolchain/avr8 gcc/native/3.4.2.1002/avr8-gnu-toolchain/bin/../lib/gcc/avr/4.7.2/avr51\libgcc.a(_exit.o)
 .text.libgcc.fmul
                0x00000000        0x0 c:/program files (x86)/atmel/atmel toolchain/avr8 gcc/native/3.4.2.1002/avr8-gnu-toolchain/bin/../lib/gcc/avr/4.7.2/avr51\libgcc.a(_exit.o)
 .text          0x00000000        0x0 c:/program files (x86)/atmel/atmel toolchain/avr8 gcc/native/3.4.2.1002/avr8-gnu-toolchain/bin/../lib/gcc/avr/4.7.2/avr51\libgcc.a(_copy_data.o)
 .bss           0x00000000        0x0 c:/program files (x86)/atmel/atmel toolchain/avr8 gcc/native/3.4.2.1002/avr8-gnu-toolchain/bin/../lib/gcc/avr/4.7.2/avr51\libgcc.a(_copy_data.o)
 .text.libgcc.mul
                0x00000000        0x0 c:/program files (x86)/atmel/atmel toolchain/avr8 gcc/native/3.4.2.1002/avr8-gnu-toolchain/bin/../lib/gcc/avr/4.7.2/avr51\libgcc.a(_copy_data.o)
 .text.libgcc.div
                0x00000000        0x0 c:/program files (x86)/atmel/atmel toolchain/avr8 gcc/native/3.4.2.1002/avr8-gnu-toolchain/bin/../lib/gcc/avr/4.7.2/avr51\libgcc.a(_copy_data.o)
 .text.libgcc   0x00000000        0x0 c:/program files (x86)/atmel/atmel toolchain/avr8 gcc/native/3.4.2.1002/avr8-gnu-toolchain/bin/../lib/gcc/avr/4.7.2/avr51\libgcc.a(_copy_data.o)
 .text.libgcc.prologue
                0x00000000        0x0 c:/program files (x86)/atmel/atmel toolchain/avr8 gcc/native/3.4.2.1002/avr8-gnu-toolchain/bin/../lib/gcc/avr/4.7.2/avr51\libgcc.a(_copy_data.o)
 .text.libgcc.builtins
                0x00000000        0x0 c:/program files (x86)/atmel/atmel toolchain/avr8 gcc/native/3.4.2.1002/avr8-gnu-toolchain/bin/../lib/gcc/avr/4.7.2/avr51\libgcc.a(_copy_data.o)
 .text.libgcc.fmul
                0x00000000        0x0 c:/program files (x86)/atmel/atmel toolchain/avr8 gcc/native/3.4.2.1002/avr8-gnu-toolchain/bin/../lib/gcc/avr/4.7.2/avr51\libgcc.a(_copy_data.o)
 .text          0x00000000        0x0 c:/program files (x86)/atmel/atmel toolchain/avr8 gcc/native/3.4.2.1002/avr8-gnu-toolchain/bin/../lib/gcc/avr/4.7.2/avr51\libgcc.a(_clear_bss.o)
 .bss           0x00000000        0x0 c:/program files (x86)/atmel/atmel toolchain/avr8 gcc/native/3.4.2.1002/avr8-gnu-toolchain/bin/../lib/gcc/avr/4.7.2/avr51\libgcc.a(_clear_bss.o)
 .text.libgcc.mul
                0x00000000        0x0 c:/program files (x86)/atmel/atmel toolchain/avr8 gcc/native/3.4.2.1002/avr8-gnu-toolchain/bin/../lib/gcc/avr/4.7.2/avr51\libgcc.a(_clear_bss.o)
 .text.libgcc.div
                0x00000000        0x0 c:/program files (x86)/atmel/atmel toolchain/avr8 gcc/native/3.4.2.1002/avr8-gnu-toolchain/bin/../lib/gcc/avr/4.7.2/avr51\libgcc.a(_clear_bss.o)
 .text.libgcc   0x00000000        0x0 c:/program files (x86)/atmel/atmel toolchain/avr8 gcc/native/3.4.2.1002/avr8-gnu-toolchain/bin/../lib/gcc/avr/4.7.2/avr51\libgcc.a(_clear_bss.o)
 .text.libgcc.prologue
                0x00000000        0x0 c:/program files (x86)/atmel/atmel toolchain/avr8 gcc/native/3.4.2.1002/avr8-gnu-toolchain/bin/../lib/gcc/avr/4.7.2/avr51\libgcc.a(_clear_bss.o)
 .text.libgcc.builtins
                0x00000000        0x0 c:/program files (x86)/atmel/atmel toolchain/avr8 gcc/native/3.4.2.1002/avr8-gnu-toolchain/bin/../lib/gcc/avr/4.7.2/avr51\libgcc.a(_clear_bss.o)
 .text.libgcc.fmul
                0x00000000        0x0 c:/program files (x86)/atmel/atmel toolchain/avr8 gcc/native/3.4.2.1002/avr8-gnu-toolchain/bin/../lib/gcc/avr/4.7.2/avr51\libgcc.a(_clear_bss.o)
 .text          0x00000000        0x0 c:/program files (x86)/atmel/atmel toolchain/avr8 gcc/native/3.4.2.1002/avr8-gnu-toolchain/bin/../lib/gcc/avr/4.7.2/../../../../avr/lib/avr51\libc.a(memcpy.o)
 .bss           0x00000000        0x0 c:/program files (x86)/atmel/atmel toolchain/avr8 gcc/native/3.4.2.1002/avr8-gnu-toolchain/bin/../lib/gcc/avr/4.7.2/../../../../avr/lib/avr51\libc.a(memcpy.o)
 .text.avr-libc
                0x00000000       0x12 c:/program files (x86)/atmel/atmel toolchain/avr8 gcc/native/3.4.2.1002/avr8-gnu-toolchain/bin/../lib/gcc/avr/4.7.2/../../../../avr/lib/avr51\libc.a(memcpy.o)
 .text          0x00000000        0x0 c:/program files (x86)/atmel/atmel toolchain/avr8 gcc/native/3.4.2.1002/avr8-gnu-toolchain/bin/../lib/gcc/avr/4.7.2/../../../../avr/lib/avr51\libc.a(memset.o)
 .bss           0x00000000        0x0 c:/program files (x86)/atmel/atmel toolchain/avr8 gcc/native/3.4.2.1002/avr8-gnu-toolchain/bin/../lib/gcc/avr/4.7.2/../../../../avr/lib/avr51\libc.a(memset.o)
 .text          0x00000000        0x0 c:/program files (x86)/atmel/atmel toolchain/avr8 gcc/native/3.4.2.1002/avr8-gnu-toolchain/bin/../lib/gcc/avr/4.7.2/../../../../avr/lib/avr51\libc.a(strncpy.o)
 .bss           0x00000000        0x0 c:/program files (x86)/atmel/atmel toolchain/avr8 gcc/native/3.4.2.1002/avr8-gnu-toolchain/bin/../lib/gcc/avr/4.7.2/../../../../avr/lib/avr51\libc.a(strncpy.o)

Memory Configuration

Name             Origin             Length             Attributes
text             0x00000000         0x00020000         xr
data             0x00800100         0x0000ff00         rw !x
eeprom           0x00810000         0x00010000         rw !x
fuse             0x00820000         0x00000400         rw !x
lock             0x00830000         0x00000400         rw !x
signature        0x00840000         0x00000400         rw !x
user_signatures  0x00850000         0x00000400         rw !x
*default*        0x00000000         0xffffffff

Linker script and memory map

Address of section .data set to 0x800100
LOAD c:/program files (x86)/atmel/atmel toolchain/avr8 gcc/native/3.4.2.1002/avr8-gnu-toolchain/bin/../lib/gcc/avr/4.7.2/../../../../avr/lib/avr51/crtm1284.o
LOAD croutine.o
LOAD heap_1.o
LOAD list.o
LOAD main.o
LOAD port.o
LOAD queue.o
LOAD tasks.o
LOAD timers.o
START GROUP
LOAD c:/program files (x86)/atmel/atmel toolchain/avr8 gcc/native/3.4.2.1002/avr8-gnu-toolchain/bin/../lib/gcc/avr/4.7.2/../../../../avr/lib/avr51\libm.a
END GROUP
LOAD c:/program files (x86)/atmel/atmel toolchain/avr8 gcc/native/3.4.2.1002/avr8-gnu-toolchain/bin/../lib/gcc/avr/4.7.2/avr51\libgcc.a
LOAD c:/program files (x86)/atmel/atmel toolchain/avr8 gcc/native/3.4.2.1002/avr8-gnu-toolchain/bin/../lib/gcc/avr/4.7.2/../../../../avr/lib/avr51\libc.a
LOAD c:/program files (x86)/atmel/atmel toolchain/avr8 gcc/native/3.4.2.1002/avr8-gnu-toolchain/bin/../lib/gcc/avr/4.7.2/avr51\libgcc.a

.hash
 *(.hash)

.dynsym
 *(.dynsym)

.dynstr
 *(.dynstr)

.gnu.version
 *(.gnu.version)

.gnu.version_d
 *(.gnu.version_d)

.gnu.version_r
 *(.gnu.version_r)

.rel.init
 *(.rel.init)

.rela.init
 *(.rela.init)

.rel.text
 *(.rel.text)
 *(.rel.text.*)
 *(.rel.gnu.linkonce.t*)

.rela.text
 *(.rela.text)
 *(.rela.text.*)
 *(.rela.gnu.linkonce.t*)

.rel.fini
 *(.rel.fini)

.rela.fini
 *(.rela.fini)

.rel.rodata
 *(.rel.rodata)
 *(.rel.rodata.*)
 *(.rel.gnu.linkonce.r*)

.rela.rodata
 *(.rela.rodata)
 *(.rela.rodata.*)
 *(.rela.gnu.linkonce.r*)

.rel.data
 *(.rel.data)
 *(.rel.data.*)
 *(.rel.gnu.linkonce.d*)

.rela.data
 *(.rela.data)
 *(.rela.data.*)
 *(.rela.gnu.linkonce.d*)

.rel.ctors
 *(.rel.ctors)

.rela.ctors
 *(.rela.ctors)

.rel.dtors
 *(.rel.dtors)

.rela.dtors
 *(.rela.dtors)

.rel.got
 *(.rel.got)

.rela.got
 *(.rela.got)

.rel.bss
 *(.rel.bss)

.rela.bss
 *(.rela.bss)

.rel.plt
 *(.rel.plt)

.rela.plt
 *(.rela.plt)

.text           0x00000000     0x10de
 *(.vectors)
 .vectors       0x00000000       0x8c c:/program files (x86)/atmel/atmel toolchain/avr8 gcc/native/3.4.2.1002/avr8-gnu-toolchain/bin/../lib/gcc/avr/4.7.2/../../../../avr/lib/avr51/crtm1284.o
                0x00000000                __vector_default
                0x00000000                __vectors
 *(.vectors)
 *(.progmem.gcc*)
 *(.progmem*)
                0x0000008c                . = ALIGN (0x2)
                0x0000008c                __trampolines_start = .
 *(.trampolines)
 .trampolines   0x0000008c        0x0 linker stubs
 *(.trampolines*)
                0x0000008c                __trampolines_end = .
 *(.jumptables)
 *(.jumptables*)
 *(.lowtext)
 *(.lowtext*)
                0x0000008c                __ctors_start = .
 *(.ctors)
                0x0000008c                __ctors_end = .
                0x0000008c                __dtors_start = .
 *(.dtors)
                0x0000008c                __dtors_end = .
 SORT(*)(.ctors)
 SORT(*)(.dtors)
 *(.init0)
 .init0         0x0000008c        0x0 c:/program files (x86)/atmel/atmel toolchain/avr8 gcc/native/3.4.2.1002/avr8-gnu-toolchain/bin/../lib/gcc/avr/4.7.2/../../../../avr/lib/avr51/crtm1284.o
                0x0000008c                __init
 *(.init0)
 *(.init1)
 *(.init1)
 *(.init2)
 .init2         0x0000008c        0xc c:/program files (x86)/atmel/atmel toolchain/avr8 gcc/native/3.4.2.1002/avr8-gnu-toolchain/bin/../lib/gcc/avr/4.7.2/../../../../avr/lib/avr51/crtm1284.o
 *(.init2)
 *(.init3)
 *(.init3)
 *(.init4)
 .init4         0x00000098       0x1a c:/program files (x86)/atmel/atmel toolchain/avr8 gcc/native/3.4.2.1002/avr8-gnu-toolchain/bin/../lib/gcc/avr/4.7.2/avr51\libgcc.a(_copy_data.o)
                0x00000098                __do_copy_data
 .init4         0x000000b2       0x10 c:/program files (x86)/atmel/atmel toolchain/avr8 gcc/native/3.4.2.1002/avr8-gnu-toolchain/bin/../lib/gcc/avr/4.7.2/avr51\libgcc.a(_clear_bss.o)
                0x000000b2                __do_clear_bss
 *(.init4)
 *(.init5)
 *(.init5)
 *(.init6)
 *(.init6)
 *(.init7)
 *(.init7)
 *(.init8)
 *(.init8)
 *(.init9)
 .init9         0x000000c2        0x6 c:/program files (x86)/atmel/atmel toolchain/avr8 gcc/native/3.4.2.1002/avr8-gnu-toolchain/bin/../lib/gcc/avr/4.7.2/../../../../avr/lib/avr51/crtm1284.o
 *(.init9)
 *(.text)
 .text          0x000000c8        0x2 c:/program files (x86)/atmel/atmel toolchain/avr8 gcc/native/3.4.2.1002/avr8-gnu-toolchain/bin/../lib/gcc/avr/4.7.2/../../../../avr/lib/avr51/crtm1284.o
                0x000000c8                __vector_22
                0x000000c8                __vector_28
                0x000000c8                __vector_1
                0x000000c8                __vector_32
                0x000000c8                __vector_34
                0x000000c8                __vector_24
                0x000000c8                __vector_12
                0x000000c8                __bad_interrupt
                0x000000c8                __vector_6
                0x000000c8                __vector_31
                0x000000c8                __vector_3
                0x000000c8                __vector_23
                0x000000c8                __vector_30
                0x000000c8                __vector_25
                0x000000c8                __vector_11
                0x000000c8                __vector_17
                0x000000c8                __vector_19
                0x000000c8                __vector_7
                0x000000c8                __vector_27
                0x000000c8                __vector_5
                0x000000c8                __vector_33
                0x000000c8                __vector_4
                0x000000c8                __vector_9
                0x000000c8                __vector_2
                0x000000c8                __vector_21
                0x000000c8                __vector_15
                0x000000c8                __vector_29
                0x000000c8                __vector_8
                0x000000c8                __vector_26
                0x000000c8                __vector_14
                0x000000c8                __vector_10
                0x000000c8                __vector_16
                0x000000c8                __vector_18
                0x000000c8                __vector_20
                0x000000ca                . = ALIGN (0x2)
 *(.text.*)
 .text.pvPortMalloc
                0x000000ca       0x4a heap_1.o
                0x000000ca                pvPortMalloc
 .text.vPortFree
                0x00000114        0x2 heap_1.o
                0x00000114                vPortFree
 .text.vListInitialise
                0x00000116       0x1c list.o
                0x00000116                vListInitialise
 .text.vListInitialiseItem
                0x00000132        0x8 list.o
                0x00000132                vListInitialiseItem
 .text.vListInsertEnd
                0x0000013a       0x4e list.o
                0x0000013a                vListInsertEnd
 .text.vListInsert
                0x00000188       0x76 list.o
                0x00000188                vListInsert
 .text.vListRemove
                0x000001fe       0x4c list.o
                0x000001fe                vListRemove
 .text.SetBit   0x0000024a       0x30 main.o
                0x0000024a                SetBit
 .text.GetBit   0x0000027a       0x14 main.o
                0x0000027a                GetBit
 .text.GetKeypadKey
                0x0000028e      0x134 main.o
                0x0000028e                GetKeypadKey
 .text.delay_ms
                0x000003c2       0x28 main.o
                0x000003c2                delay_ms
 .text.LCD_WriteCommand
                0x000003ea       0x10 main.o
                0x000003ea                LCD_WriteCommand
 .text.LCD_ClearScreen
                0x000003fa        0x4 main.o
                0x000003fa                LCD_ClearScreen
 .text.LCD_init
                0x000003fe       0x1c main.o
                0x000003fe                LCD_init
 .text.LCD_WriteData
                0x0000041a       0x10 main.o
                0x0000041a                LCD_WriteData
 .text.LCD_Cursor
                0x0000042a        0xc main.o
                0x0000042a                LCD_Cursor
 .text.LCD_DisplayString
                0x00000436       0x2e main.o
                0x00000436                LCD_DisplayString
 .text.Key_Tick
                0x00000464       0xaa main.o
                0x00000464                Key_Tick
 .text.LCD_tick
                0x0000050e      0x128 main.o
                0x0000050e                LCD_tick
 .text.key_Init
                0x00000636        0xa main.o
                0x00000636                key_Init
 .text.KeyTask  0x00000640        0xc main.o
                0x00000640                KeyTask
 .text.LCD_task_init
                0x0000064c       0x10 main.o
                0x0000064c                LCD_task_init
 .text.LCDTask  0x0000065c       0x20 main.o
                0x0000065c                LCDTask
 .text.StartSecPulse
                0x0000067c       0x54 main.o
                0x0000067c                StartSecPulse
 .text.main     0x000006d0       0x22 main.o
                0x000006d0                main
 .text.pxPortInitialiseStack
                0x000006f2      0x128 port.o
                0x000006f2                pxPortInitialiseStack
 .text.xPortStartScheduler
                0x0000081a       0x74 port.o
                0x0000081a                xPortStartScheduler
 .text.vPortYield
                0x0000088e       0xb0 port.o
                0x0000088e                vPortYield
 .text.vPortYieldFromTick
                0x0000093e       0xb2 port.o
                0x0000093e                vPortYieldFromTick
 .text.__vector_13
                0x000009f0        0x4 port.o
                0x000009f0                __vector_13
 .text.prvAddCurrentTaskToDelayedList
                0x000009f4       0x6a tasks.o
 .text.xTaskGenericCreate
                0x00000a5e      0x1fa tasks.o
                0x00000a5e                xTaskGenericCreate
 .text.vTaskStartScheduler
                0x00000c58       0x52 tasks.o
                0x00000c58                vTaskStartScheduler
 .text.vTaskSuspendAll
                0x00000caa        0xc tasks.o
                0x00000caa                vTaskSuspendAll
 .text.vTaskIncrementTick
                0x00000cb6      0x182 tasks.o
                0x00000cb6                vTaskIncrementTick
 .text.xTaskResumeAll
                0x00000e38      0x112 tasks.o
                0x00000e38                xTaskResumeAll
 .text.prvIdleTask
                0x00000f4a       0x74 tasks.o
 .text.vTaskDelay
                0x00000fbe       0x36 tasks.o
                0x00000fbe                vTaskDelay
 .text.vTaskSwitchContext
                0x00000ff4       0xba tasks.o
                0x00000ff4                vTaskSwitchContext
 .text.avr-libc
                0x000010ae        0xe c:/program files (x86)/atmel/atmel toolchain/avr8 gcc/native/3.4.2.1002/avr8-gnu-toolchain/bin/../lib/gcc/avr/4.7.2/../../../../avr/lib/avr51\libc.a(memset.o)
                0x000010ae                memset
 .text.avr-libc
                0x000010bc       0x1e c:/program files (x86)/atmel/atmel toolchain/avr8 gcc/native/3.4.2.1002/avr8-gnu-toolchain/bin/../lib/gcc/avr/4.7.2/../../../../avr/lib/avr51\libc.a(strncpy.o)
                0x000010bc                strncpy
                0x000010da                . = ALIGN (0x2)
 *(.fini9)
 .fini9         0x000010da        0x0 c:/program files (x86)/atmel/atmel toolchain/avr8 gcc/native/3.4.2.1002/avr8-gnu-toolchain/bin/../lib/gcc/avr/4.7.2/avr51\libgcc.a(_exit.o)
                0x000010da                _exit
                0x000010da                exit
 *(.fini9)
 *(.fini8)
 *(.fini8)
 *(.fini7)
 *(.fini7)
 *(.fini6)
 *(.fini6)
 *(.fini5)
 *(.fini5)
 *(.fini4)
 *(.fini4)
 *(.fini3)
 *(.fini3)
 *(.fini2)
 *(.fini2)
 *(.fini1)
 *(.fini1)
 *(.fini0)
 .fini0         0x000010da        0x4 c:/program files (x86)/atmel/atmel toolchain/avr8 gcc/native/3.4.2.1002/avr8-gnu-toolchain/bin/../lib/gcc/avr/4.7.2/avr51\libgcc.a(_exit.o)
 *(.fini0)
                0x000010de                _etext = .

.data           0x00800100       0xb6 load address 0x000010de
                0x00800100                PROVIDE (__data_start, .)
 *(.data)
 .data          0x00800100        0x0 c:/program files (x86)/atmel/atmel toolchain/avr8 gcc/native/3.4.2.1002/avr8-gnu-toolchain/bin/../lib/gcc/avr/4.7.2/../../../../avr/lib/avr51/crtm1284.o
 .data          0x00800100        0x0 croutine.o
 .data          0x00800100        0x0 heap_1.o
 .data          0x00800100        0x0 list.o
 .data          0x00800100        0x0 main.o
 .data          0x00800100        0x0 port.o
 .data          0x00800100        0x0 queue.o
 .data          0x00800100        0x0 tasks.o
 .data          0x00800100        0x0 timers.o
 .data          0x00800100        0x0 c:/program files (x86)/atmel/atmel toolchain/avr8 gcc/native/3.4.2.1002/avr8-gnu-toolchain/bin/../lib/gcc/avr/4.7.2/avr51\libgcc.a(_exit.o)
 .data          0x00800100        0x0 c:/program files (x86)/atmel/atmel toolchain/avr8 gcc/native/3.4.2.1002/avr8-gnu-toolchain/bin/../lib/gcc/avr/4.7.2/avr51\libgcc.a(_copy_data.o)
 .data          0x00800100        0x0 c:/program files (x86)/atmel/atmel toolchain/avr8 gcc/native/3.4.2.1002/avr8-gnu-toolchain/bin/../lib/gcc/avr/4.7.2/avr51\libgcc.a(_clear_bss.o)
 .data          0x00800100        0x0 c:/program files (x86)/atmel/atmel toolchain/avr8 gcc/native/3.4.2.1002/avr8-gnu-toolchain/bin/../lib/gcc/avr/4.7.2/../../../../avr/lib/avr51\libc.a(memcpy.o)
 .data          0x00800100        0x0 c:/program files (x86)/atmel/atmel toolchain/avr8 gcc/native/3.4.2.1002/avr8-gnu-toolchain/bin/../lib/gcc/avr/4.7.2/../../../../avr/lib/avr51\libc.a(memset.o)
 .data          0x00800100        0x0 c:/program files (x86)/atmel/atmel toolchain/avr8 gcc/native/3.4.2.1002/avr8-gnu-toolchain/bin/../lib/gcc/avr/4.7.2/../../../../avr/lib/avr51\libc.a(strncpy.o)
 *(.data*)
 .data.set_thermo_string
                0x00800100        0x2 main.o
                0x00800100                set_thermo_string
 .data.change_code_string
                0x00800102        0x2 main.o
                0x00800102                change_code_string
 .data.lock_string
                0x00800104        0x2 main.o
                0x00800104                lock_string
 .data.unlock_string
                0x00800106        0x2 main.o
                0x00800106                unlock_string
 .data.page_two
                0x00800108        0x2 main.o
                0x00800108                page_two
 .data.page_one
                0x0080010a        0x2 main.o
                0x0080010a                page_one
 .data.s        0x0080010c        0x2 main.o
                0x0080010c                s
 .data.xNextTaskUnblockTime
                0x0080010e        0x2 tasks.o
 *(.rodata)
 *(.rodata*)
 .rodata.str1.1
                0x00800110       0xa0 main.o
 .rodata.str1.1
                0x008001b0        0x5 tasks.o
 *(.gnu.linkonce.d*)
                0x008001b6                . = ALIGN (0x2)
 *fill*         0x008001b5        0x1 
                0x008001b6                _edata = .
                0x008001b6                PROVIDE (__data_end, .)

.bss            0x008001b6      0x63d
                0x008001b6                PROVIDE (__bss_start, .)
 *(.bss)
 *(.bss*)
 .bss.xNextFreeByte
                0x008001b6        0x2 heap_1.o
 .bss.xHeap     0x008001b8      0x5dc heap_1.o
 .bss.xNumOfOverflows
                0x00800794        0x1 tasks.o
 .bss.xMissedYield
                0x00800795        0x1 tasks.o
 .bss.uxMissedTicks
                0x00800796        0x1 tasks.o
 .bss.uxSchedulerSuspended
                0x00800797        0x1 tasks.o
 .bss.xSchedulerRunning
                0x00800798        0x1 tasks.o
 .bss.uxTopReadyPriority
                0x00800799        0x1 tasks.o
 .bss.xTickCount
                0x0080079a        0x2 tasks.o
 .bss.uxCurrentNumberOfTasks
                0x0080079c        0x1 tasks.o
 .bss.uxTasksDeleted
                0x0080079d        0x1 tasks.o
 .bss.pxOverflowDelayedTaskList
                0x0080079e        0x2 tasks.o
 .bss.pxDelayedTaskList
                0x008007a0        0x2 tasks.o
 .bss.pxCurrentTCB
                0x008007a2        0x2 tasks.o
                0x008007a2                pxCurrentTCB
 .bss.uxTopUsedPriority
                0x008007a4        0x1 tasks.o
 .bss.uxTaskNumber
                0x008007a5        0x1 tasks.o
 .bss.pxReadyTasksLists
                0x008007a6       0x24 tasks.o
 .bss.xDelayedTaskList1
                0x008007ca        0x9 tasks.o
 .bss.xDelayedTaskList2
                0x008007d3        0x9 tasks.o
 .bss.xPendingReadyList
                0x008007dc        0x9 tasks.o
 .bss.xTasksWaitingTermination
                0x008007e5        0x9 tasks.o
 *(COMMON)
 COMMON         0x008007ee        0x5 main.o
                0x008007ee                lcd_state
                0x008007ef                locked
                0x008007f0                choice
                0x008007f1                page
                0x008007f2                key_state
                0x008007f3                PROVIDE (__bss_end, .)
                0x000010de                __data_load_start = LOADADDR (.data)
                0x00001194                __data_load_end = (__data_load_start + SIZEOF (.data))

.noinit         0x008007f3        0x0
                0x008007f3                PROVIDE (__noinit_start, .)
 *(.noinit*)
                0x008007f3                PROVIDE (__noinit_end, .)
                0x008007f3                _end = .
                0x008007f3                PROVIDE (__heap_start, .)

.eeprom         0x00810000        0x0
 *(.eeprom*)
                0x00810000                __eeprom_end = .

.fuse
 *(.fuse)
 *(.lfuse)
 *(.hfuse)
 *(.efuse)

.lock
 *(.lock*)

.signature
 *(.signature*)

.user_signatures
 *(.user_signatures*)

.stab           0x00000000      0x888
 *(.stab)
 .stab          0x00000000      0x6cc c:/program files (x86)/atmel/atmel toolchain/avr8 gcc/native/3.4.2.1002/avr8-gnu-toolchain/bin/../lib/gcc/avr/4.7.2/../../../../avr/lib/avr51/crtm1284.o
 .stab          0x000006cc       0x84 c:/program files (x86)/atmel/atmel toolchain/avr8 gcc/native/3.4.2.1002/avr8-gnu-toolchain/bin/../lib/gcc/avr/4.7.2/../../../../avr/lib/avr51\libc.a(memcpy.o)
                                 0x90 (size before relaxing)
 .stab          0x00000750       0x6c c:/program files (x86)/atmel/atmel toolchain/avr8 gcc/native/3.4.2.1002/avr8-gnu-toolchain/bin/../lib/gcc/avr/4.7.2/../../../../avr/lib/avr51\libc.a(memset.o)
                                 0x78 (size before relaxing)
 .stab          0x000007bc       0xcc c:/program files (x86)/atmel/atmel toolchain/avr8 gcc/native/3.4.2.1002/avr8-gnu-toolchain/bin/../lib/gcc/avr/4.7.2/../../../../avr/lib/avr51\libc.a(strncpy.o)
                                 0xd8 (size before relaxing)

.stabstr        0x00000000      0x1f4
 *(.stabstr)
 .stabstr       0x00000000      0x1f4 c:/program files (x86)/atmel/atmel toolchain/avr8 gcc/native/3.4.2.1002/avr8-gnu-toolchain/bin/../lib/gcc/avr/4.7.2/../../../../avr/lib/avr51/crtm1284.o

.stab.excl
 *(.stab.excl)

.stab.exclstr
 *(.stab.exclstr)

.stab.index
 *(.stab.index)

.stab.indexstr
 *(.stab.indexstr)

.comment        0x00000000       0x2f
 *(.comment)
 .comment       0x00000000       0x2f croutine.o
                                 0x30 (size before relaxing)
 .comment       0x00000000       0x30 heap_1.o
 .comment       0x00000000       0x30 list.o
 .comment       0x00000000       0x30 main.o
 .comment       0x00000000       0x30 port.o
 .comment       0x00000000       0x30 queue.o
 .comment       0x00000000       0x30 tasks.o
 .comment       0x00000000       0x30 timers.o

.debug
 *(.debug)

.line
 *(.line)

.debug_srcinfo
 *(.debug_srcinfo)

.debug_sfnames
 *(.debug_sfnames)

.debug_aranges  0x00000000      0x320
 *(.debug_aranges)
 .debug_aranges
                0x00000000       0x38 croutine.o
 .debug_aranges
                0x00000038       0x38 heap_1.o
 .debug_aranges
                0x00000070       0x40 list.o
 .debug_aranges
                0x000000b0       0xa8 main.o
 .debug_aranges
                0x00000158       0x48 port.o
 .debug_aranges
                0x000001a0       0xb0 queue.o
 .debug_aranges
                0x00000250       0xb8 tasks.o
 .debug_aranges
                0x00000308       0x18 timers.o

.debug_pubnames
 *(.debug_pubnames)

.debug_info     0x00000000     0x3a9a
 *(.debug_info)
 .debug_info    0x00000000      0x7be croutine.o
 .debug_info    0x000007be      0x1a5 heap_1.o
 .debug_info    0x00000963      0x2c1 list.o
 .debug_info    0x00000c24      0xa67 main.o
 .debug_info    0x0000168b      0x238 port.o
 .debug_info    0x000018c3      0xfd7 queue.o
 .debug_info    0x0000289a     0x1195 tasks.o
 .debug_info    0x00003a2f       0x6b timers.o
 *(.gnu.linkonce.wi.*)

.debug_abbrev   0x00000000      0xd5b
 *(.debug_abbrev)
 .debug_abbrev  0x00000000      0x250 croutine.o
 .debug_abbrev  0x00000250      0x148 heap_1.o
 .debug_abbrev  0x00000398       0xf6 list.o
 .debug_abbrev  0x0000048e      0x1f4 main.o
 .debug_abbrev  0x00000682      0x154 port.o
 .debug_abbrev  0x000007d6      0x24c queue.o
 .debug_abbrev  0x00000a22      0x313 tasks.o
 .debug_abbrev  0x00000d35       0x26 timers.o

.debug_line     0x00000000     0x254b
 *(.debug_line)
 .debug_line    0x00000000      0x3e8 croutine.o
 .debug_line    0x000003e8      0x19d heap_1.o
 .debug_line    0x00000585      0x220 list.o
 .debug_line    0x000007a5      0x78c main.o
 .debug_line    0x00000f31      0x37b port.o
 .debug_line    0x000012ac      0x90a queue.o
 .debug_line    0x00001bb6      0x97b tasks.o
 .debug_line    0x00002531       0x1a timers.o

.debug_frame    0x00000000      0x898
 *(.debug_frame)
 .debug_frame   0x00000000       0xc8 croutine.o
 .debug_frame   0x000000c8       0x60 heap_1.o
 .debug_frame   0x00000128       0x7c list.o
 .debug_frame   0x000001a4      0x16c main.o
 .debug_frame   0x00000310       0x74 port.o
 .debug_frame   0x00000384      0x298 queue.o
 .debug_frame   0x0000061c      0x27c tasks.o

.debug_str      0x00000000     0x10a2
 *(.debug_str)
 .debug_str     0x00000000      0x461 croutine.o
                                0x4a8 (size before relaxing)
 .debug_str     0x00000461       0xa5 heap_1.o
                                0x1a2 (size before relaxing)
 .debug_str     0x00000506       0x54 list.o
                                0x20a (size before relaxing)
 .debug_str     0x0000055a      0x2a8 main.o
                                0x377 (size before relaxing)
 .debug_str     0x00000802       0xfe port.o
                                0x208 (size before relaxing)
 .debug_str     0x00000900      0x3fc queue.o
                                0x63c (size before relaxing)
 .debug_str     0x00000cfc      0x398 tasks.o
                                0x802 (size before relaxing)
 .debug_str     0x00001094        0xe timers.o
                                 0xf7 (size before relaxing)

.debug_loc      0x00000000     0x2a5e
 *(.debug_loc)
 .debug_loc     0x00000000      0x400 croutine.o
 .debug_loc     0x00000400       0xe1 heap_1.o
 .debug_loc     0x000004e1      0x10e list.o
 .debug_loc     0x000005ef      0x329 main.o
 .debug_loc     0x00000918      0x4dc port.o
 .debug_loc     0x00000df4     0x1006 queue.o
 .debug_loc     0x00001dfa      0xc64 tasks.o

.debug_macinfo
 *(.debug_macinfo)

.debug_pubtypes
 *(.debug_pubtypes)

.debug_ranges   0x00000000      0x360
 *(.debug_ranges)
 .debug_ranges  0x00000000       0x40 croutine.o
 .debug_ranges  0x00000040       0x28 heap_1.o
 .debug_ranges  0x00000068       0x30 list.o
 .debug_ranges  0x00000098       0x98 main.o
 .debug_ranges  0x00000130       0x38 port.o
 .debug_ranges  0x00000168       0xa0 queue.o
 .debug_ranges  0x00000208      0x158 tasks.o

.debug_macro
 *(.debug_macro)
OUTPUT(GccApplication1.elf elf32-avr)
LOAD linker stubs
